<html>
<body>
<pre>
<h1>µVision Build Log</h1>
<h2>Project:</h2>
C:\workspace\version-control\Unisinos\Teste_Soft_from_github\Softstarter\softstarter.uvproj
Project File Date:  09/19/2018

<h2>Output:</h2>
Rebuild target 'tga'
assembling startup.s...
compiling Softstarter.c...
compiling DAC.c...
compiling Keyboard.c...
compiling PLL.c...
compiling control.c...
compiling Debug.c...
linking...
Program Size: Code=2000 RO-data=76 RW-data=28 ZI-data=1124  
".\PeriodicSysTickInts.axf" - 0 Error(s), 0 Warning(s).
Load "C:\\workspace\\version-control\\Unisinos\\Teste_Soft_from_github\\Softstarter\\PeriodicSysTickInts.axf" 
Connecting: Mode=JTAG, Speed=1000000Hz
Erase Done.
Programming Done.
Verify OK.
ier
  const unsigned char output[63, 42, 41, 40, 39, 38, 37, 36, 35, 34, 33, 32, 31, 30, 29, 28, 27, 26, 
control.c(31): error:  #40: expected an identifier
  const unsigned char output[63, 42, 41, 40, 39, 38, 37, 36, 35, 34, 33, 32, 31, 30, 29, 28, 27, 26, 
control.c(31): error:  #40: expected an identifier
  const unsigned char output[63, 42, 41, 40, 39, 38, 37, 36, 35, 34, 33, 32, 31, 30, 29, 28, 27, 26, 
control.c(31): error:  #40: expected an identifier
  const unsigned char output[63, 42, 41, 40, 39, 38, 37, 36, 35, 34, 33, 32, 31, 30, 29, 28, 27, 26, 
control.c(31): error:  #40: expected an identifier
  const unsigned char output[63, 42, 41, 40, 39, 38, 37, 36, 35, 34, 33, 32, 31, 30, 29, 28, 27, 26, 
control.c(31): error:  #40: expected an identifier
  const unsigned char output[63, 42, 41, 40, 39, 38, 37, 36, 35, 34, 33, 32, 31, 30, 29, 28, 27, 26, 
control.c(31): error:  #40: expected an identifier
  const unsigned char output[63, 42, 41, 40, 39, 38, 37, 36, 35, 34, 33, 32, 31, 30, 29, 28, 27, 26, 
control.c(31): error:  #40: expected an identifier
  const unsigned char output[63, 42, 41, 40, 39, 38, 37, 36, 35, 34, 33, 32, 31, 30, 29, 28, 27, 26, 
control.c(31): error:  #40: expected an identifier
  const unsigned char output[63, 42, 41, 40, 39, 38, 37, 36, 35, 34, 33, 32, 31, 30, 29, 28, 27, 26, 
control.c(31): error:  #40: expected an identifier
  const unsigned char output[63, 42, 41, 40, 39, 38, 37, 36, 35, 34, 33, 32, 31, 30, 29, 28, 27, 26, 
control.c(31): error:  #40: expected an identifier
  const unsigned char output[63, 42, 41, 40, 39, 38, 37, 36, 35, 34, 33, 32, 31, 30, 29, 28, 27, 26, 
control.c(31): error:  #40: expected an identifier
  const unsigned char output[63, 42, 41, 40, 39, 38, 37, 36, 35, 34, 33, 32, 31, 30, 29, 28, 27, 26, 
control.c(31): error:  #40: expected an identifier
  const unsigned char output[63, 42, 41, 40, 39, 38, 37, 36, 35, 34, 33, 32, 31, 30, 29, 28, 27, 26, 
control.c(31): error:  #40: expected an identifier
  const unsigned char output[63, 42, 41, 40, 39, 38, 37, 36, 35, 34, 33, 32, 31, 30, 29, 28, 27, 26, 
control.c(31): error:  #40: expected an identifier
  const unsigned char output[63, 42, 41, 40, 39, 38, 37, 36, 35, 34, 33, 32, 31, 30, 29, 28, 27, 26, 
control.c(31): error:  #40: expected an identifier
  const unsigned char output[63, 42, 41, 40, 39, 38, 37, 36, 35, 34, 33, 32, 31, 30, 29, 28, 27, 26, 
control.c(32): error:  #40: expected an identifier
control.c: 0 warnings, 19 errors
compiling Debug.c...
".\PeriodicSysTickInts.axf" - 19 Error(s), 0 Warning(s).
Target not created
