<html>
<body>
<pre>
<h1>µVision Build Log</h1>
<h2>Project:</h2>
C:\workspace\version-control\Unisinos\Softstarter\softstarter.uvproj
Project File Date:  09/19/2018

<h2>Output:</h2>
Rebuild target 'tga'
assembling startup.s...
compiling Softstarter.c...
compiling DAC.c...
compiling Keyboard.c...
compiling PLL.c...
compiling control.c...
compiling Debug.c...
linking...
Program Size: Code=1704 RO-data=64 RW-data=20 ZI-data=1124  
".\PeriodicSysTickInts.axf" - 0 Error(s), 0 Warning(s).
Load "C:\\workspace\\version-control\\Unisinos\\Softstarter\\PeriodicSysTickInts.axf" 
Connecting: Mode=JTAG, Speed=1000000Hz
Erase Done.
Programming Done.
Verify OK.
</pre>
</body>
</html>
ile "..//tm4c123gh6pm.h": No such file or directory
  #include "..//tm4c123gh6pm.h"
Keyboard.c: 0 warnings, 1 error
compiling PLL.c...
compiling control.c...
control.c(12): error:  #5: cannot open source input file "..//tm4c123gh6pm.h": No such file or directory
  #include "..//tm4c123gh6pm.h"
control.c: 0 warnings, 1 error
compiling Debug.c...
Debug.c(9): error:  #5: cannot open source input file "..//tm4c123gh6pm.h": No such file or directory
  #include "..//tm4c123gh6pm.h"
Debug.c: 0 warnings, 1 error
".\PeriodicSysTickInts.axf" - 5 Error(s), 0 Warning(s).
Target not created
